 SSLEngine on
        SSLCertificateFile /etc/ssl/hsaryfm_tech.crt
        SSLCertificateKeyFile /etc/ssl/private/hsaryfm_tech.key
        SSLCertificateChainFile /etc/ssl/hsaryfm_tech.ca-bundle



hsaryfm@dar:~$ ls -al /etc/ssl
total 60
drwxr-xr-x   4 root root      4096 Feb 10 23:11 .
drwxr-xr-x 100 root root      4096 Jan 16 17:32 ..
drwxr-xr-x   2 root root     16384 Jan 12 10:03 certs
-rw-r--r--   1 root root      5644 Feb 10 22:38 hsaryfm_tech.ca-bundle
-rw-r--r--   1 root root      2048 Feb 10 22:38 hsaryfm_tech.crt
-rw-r--r--   1 root root      7459 Feb 10 22:38 hsaryfm_tech.p7b
-rw-r--r--   1 root root     10909 Aug 20 16:46 openssl.cnf
drwx--x---   2 root ssl-cert  4096 Feb 10 23:17 private
hsaryfm@dar:~$ sudo chmod -r root:root /etc/ssl
chmod: cannot access 'root:root': No such file or directory
hsaryfm@dar:~$ sudo chmod -r root /etc/ssl
chmod: cannot access 'root': No such file or directory
hsaryfm@dar:~$ sudo chmod -r /etc/ssl
hsaryfm@dar:~$ ls -al /etc/ssl
ls: cannot open directory '/etc/ssl': Permission denied
hsaryfm@dar:~$ sudo ls -al /etc/ssl
total 60
d-wx--x--x   4 root root      4096 Feb 10 23:11 .
drwxr-xr-x 100 root root      4096 Jan 16 17:32 ..
drwxr-xr-x   2 root root     16384 Jan 12 10:03 certs
-rw-r--r--   1 root root      5644 Feb 10 22:38 hsaryfm_tech.ca-bundle
-rw-r--r--   1 root root      2048 Feb 10 22:38 hsaryfm_tech.crt
-rw-r--r--   1 root root      7459 Feb 10 22:38 hsaryfm_tech.p7b
-rw-r--r--   1 root root     10909 Aug 20 16:46 openssl.cnf
drwx--x---   2 root ssl-cert  4096 Feb 10 23:17 private
hsaryfm@dar:~$ sudo ls -al /etc/ssl
total 60
d-wx--x--x   4 root root      4096 Feb 10 23:11 .
drwxr-xr-x 100 root root      4096 Jan 16 17:32 ..
drwxr-xr-x   2 root root     16384 Jan 12 10:03 certs
-rw-r--r--   1 root root      5644 Feb 10 22:38 hsaryfm_tech.ca-bundle
-rw-r--r--   1 root root      2048 Feb 10 22:38 hsaryfm_tech.crt
-rw-r--r--   1 root root      7459 Feb 10 22:38 hsaryfm_tech.p7b
-rw-r--r--   1 root root     10909 Aug 20 16:46 openssl.cnf
drwx--x---   2 root ssl-cert  4096 Feb 10 23:17 private
hsaryfm@dar:~$ sudo chown :www-data /etc/ssl
hsaryfm@dar:~$ sudo ls -al /etc/ssl
total 60
d-wx--x--x   4 root www-data  4096 Feb 10 23:11 .
drwxr-xr-x 100 root root      4096 Jan 16 17:32 ..
drwxr-xr-x   2 root root     16384 Jan 12 10:03 certs
-rw-r--r--   1 root root      5644 Feb 10 22:38 hsaryfm_tech.ca-bundle
-rw-r--r--   1 root root      2048 Feb 10 22:38 hsaryfm_tech.crt
-rw-r--r--   1 root root      7459 Feb 10 22:38 hsaryfm_tech.p7b
-rw-r--r--   1 root root     10909 Aug 20 16:46 openssl.cnf
drwx--x---   2 root ssl-cert  4096 Feb 10 23:17 private
hsaryfm@dar:~$ chown www-data: symlink1
chown: cannot access 'symlink1': No such file or directory
hsaryfm@dar:~$    